.\mvnw.cmd : WARNING: A restricted method in java.lang.System has been called
At line:1 char:1
+ .\mvnw.cmd test -Dtest=TaskOneTests > test-output.txt 2>&1
+ ~~~~~~~~~~~~~~~~~~~~~~~~~~~~~~~~~~~~~~~~~~~~~~~~~~~~~~~~~~
    + CategoryInfo          : NotSpecified: (WARNING: A rest...has been called:String) [], RemoteException
    + FullyQualifiedErrorId : NativeCommandError
 
WARNING: java.lang.System::load has been called by org.fusesource.jansi.internal.JansiLoader in an unnamed module 
(file:/C:/Users/parth/.m2/wrapper/dists/apache-maven-3.8.4-bin/52ccbt68d252mdldqsfsn03jlf/apache-maven-3.8.4/lib/jansi-2.4.0.jar)
WARNING: Use --enable-native-access=ALL-UNNAMED to avoid a warning for callers in this module
WARNING: Restricted methods will be blocked in a future release unless native access is enabled

WARNING: A terminally deprecated method in sun.misc.Unsafe has been called
WARNING: sun.misc.Unsafe::objectFieldOffset has been called by com.google.common.util.concurrent.AbstractFuture$UnsafeAtomicHelper 
(file:/C:/Users/parth/.m2/wrapper/dists/apache-maven-3.8.4-bin/52ccbt68d252mdldqsfsn03jlf/apache-maven-3.8.4/lib/guava-25.1-android.jar)
WARNING: Please consider reporting this to the maintainers of class com.google.common.util.concurrent.AbstractFuture$UnsafeAtomicHelper
WARNING: sun.misc.Unsafe::objectFieldOffset will be removed in a future release
[INFO] Scanning for projects...
[INFO] 
[INFO] ------------------------< com.jpmc:midas-core >-------------------------
[INFO] Building midas-core 1.0.0
[INFO] --------------------------------[ jar ]---------------------------------
[INFO] 
[INFO] --- maven-resources-plugin:3.3.1:resources (default-resources) @ midas-core ---
[INFO] skip non existing resourceDirectory C:\Users\parth\OneDrive\Documents\Forge Workspace\forage-midas-flow\src\main\resources
[INFO] skip non existing resourceDirectory C:\Users\parth\OneDrive\Documents\Forge Workspace\forage-midas-flow\src\main\resources
[INFO] 
[INFO] --- maven-compiler-plugin:3.11.0:compile (default-compile) @ midas-core ---
[INFO] Nothing to compile - all classes are up to date
[INFO] 
[INFO] --- maven-resources-plugin:3.3.1:testResources (default-testResources) @ midas-core ---
[INFO] Copying 5 resources from src\test\resources to target\test-classes
[INFO] 
[INFO] --- maven-compiler-plugin:3.11.0:testCompile (default-testCompile) @ midas-core ---
[INFO] Nothing to compile - all classes are up to date
[INFO] 
[INFO] --- maven-surefire-plugin:3.1.2:test (default-test) @ midas-core ---
[INFO] Using auto detected provider org.apache.maven.surefire.junitplatform.JUnitPlatformProvider
[INFO] 
[INFO] -------------------------------------------------------
[INFO]  T E S T S
[INFO] -------------------------------------------------------
[INFO] Running com.jpmc.midascore.TaskOneTests
00:54:48.073 [main] INFO org.springframework.test.context.support.AnnotationConfigContextLoaderUtils -- Could not detect default configuration classes for test class [com.jpmc.midascore.TaskOneTests]: TaskOneTests does not declare any static, non-private, non-final, nested classes annotated with @Configuration.
00:54:48.322 [main] INFO org.springframework.boot.test.context.SpringBootTestContextBootstrapper -- Found @SpringBootConfiguration com.jpmc.midascore.MidasCoreApplication for test class com.jpmc.midascore.TaskOneTests

  .   ____          _            __ _ _
 /\\ / ___'_ __ _ _(_)_ __  __ _ \ \ \ \
( ( )\___ | '_ | '_| | '_ \/ _` | \ \ \ \
 \\/  ___)| |_)| | | | | || (_| |  ) ) ) )
  '  |____| .__|_| |_|_| |_\__, | / / / /
 =========|_|==============|___/=/_/_/_/
 :: Spring Boot ::                (v3.2.5)

2025-07-27T00:54:49.074+05:30  INFO 1696 --- [           main] com.jpmc.midascore.TaskOneTests          : Starting TaskOneTests using Java 24.0.2 with PID 1696 (started by parth in C:\Users\parth\OneDrive\Documents\Forge Workspace\forage-midas-flow)
2025-07-27T00:54:49.076+05:30  INFO 1696 --- [           main] com.jpmc.midascore.TaskOneTests          : No active profile set, falling back to 1 default profile: "default"
2025-07-27T00:54:50.039+05:30  INFO 1696 --- [           main] .s.d.r.c.RepositoryConfigurationDelegate : Bootstrapping Spring Data JPA repositories in DEFAULT mode.
2025-07-27T00:54:50.112+05:30  INFO 1696 --- [           main] .s.d.r.c.RepositoryConfigurationDelegate : Finished Spring Data repository scanning in 61 ms. Found 1 JPA repository interface.
2025-07-27T00:54:50.760+05:30  INFO 1696 --- [           main] com.zaxxer.hikari.HikariDataSource       : HikariPool-1 - Starting...
2025-07-27T00:54:51.008+05:30  INFO 1696 --- [           main] com.zaxxer.hikari.pool.HikariPool        : HikariPool-1 - Added connection conn0: url=jdbc:h2:mem:adf1167e-b570-40b5-9096-244c6c1b87e1 user=SA
2025-07-27T00:54:51.010+05:30  INFO 1696 --- [           main] com.zaxxer.hikari.HikariDataSource       : HikariPool-1 - Start completed.
2025-07-27T00:54:51.085+05:30  INFO 1696 --- [           main] o.hibernate.jpa.internal.util.LogHelper  : HHH000204: Processing PersistenceUnitInfo [name: default]
2025-07-27T00:54:51.177+05:30  INFO 1696 --- [           main] org.hibernate.Version                    : HHH000412: Hibernate ORM core version 6.4.4.Final
2025-07-27T00:54:51.223+05:30  INFO 1696 --- [           main] o.h.c.internal.RegionFactoryInitiator    : HHH000026: Second-level cache disabled
2025-07-27T00:54:51.541+05:30  INFO 1696 --- [           main] o.s.o.j.p.SpringPersistenceUnitInfo      : No LoadTimeWeaver setup: ignoring JPA class transformer
2025-07-27T00:54:52.803+05:30  INFO 1696 --- [           main] o.h.e.t.j.p.i.JtaPlatformInitiator       : HHH000489: No JTA platform available (set 'hibernate.transaction.jta.platform' to enable JTA platform integration)
2025-07-27T00:54:52.836+05:30  INFO 1696 --- [           main] j.LocalContainerEntityManagerFactoryBean : Initialized JPA EntityManagerFactory for persistence unit 'default'
WARNING: A restricted method in java.lang.System has been called
WARNING: java.lang.System::load has been called by org.apache.tomcat.jni.Library in an unnamed module 
(file:/C:/Users/parth/.m2/repository/org/apache/tomcat/embed/tomcat-embed-core/10.1.20/tomcat-embed-core-10.1.20.jar)
WARNING: Use --enable-native-access=ALL-UNNAMED to avoid a warning for callers in this module
WARNING: Restricted methods will be blocked in a future release unless native access is enabled

2025-07-27T00:54:53.469+05:30  WARN 1696 --- [           main] JpaBaseConfiguration$JpaWebConfiguration : spring.jpa.open-in-view is enabled by default. Therefore, database queries may be performed during view rendering. Explicitly configure spring.jpa.open-in-view to disable this warning
2025-07-27T00:54:53.901+05:30  INFO 1696 --- [           main] com.jpmc.midascore.TaskOneTests          : Started TaskOneTests in 5.332 seconds (process running for 6.933)
Java HotSpot(TM) 64-Bit Server VM warning: Sharing is only supported for boot loader classes because bootstrap classpath has been appended
WARNING: A Java agent has been loaded dynamically 
(C:\Users\parth\.m2\repository\net\bytebuddy\byte-buddy-agent\1.14.13\byte-buddy-agent-1.14.13.jar)
WARNING: If a serviceability tool is in use, please run with -XX:+EnableDynamicAgentLoading to hide this warning
WARNING: If a serviceability tool is not in use, please run with -Djdk.instrument.traceUsage for more information
WARNING: Dynamic loading of agents will be disallowed by default in a future release
2025-07-27T00:54:56.354+05:30  INFO 1696 --- [           main] com.jpmc.midascore.TaskOneTests          : ----------------------------------------------------------
2025-07-27T00:54:56.354+05:30  INFO 1696 --- [           main] com.jpmc.midascore.TaskOneTests          : ----------------------------------------------------------
2025-07-27T00:54:56.354+05:30  INFO 1696 --- [           main] com.jpmc.midascore.TaskOneTests          : ----------------------------------------------------------
2025-07-27T00:54:56.354+05:30  INFO 1696 --- [           main] com.jpmc.midascore.TaskOneTests          : Congrats! It looks like your application booted without issue
2025-07-27T00:54:56.354+05:30  INFO 1696 --- [           main] com.jpmc.midascore.TaskOneTests          : submit the following output to complete the task (include begin and end output denotations)
2025-07-27T00:54:56.354+05:30  INFO 1696 --- [           main] com.jpmc.midascore.TaskOneTests          : 
---begin output ---
1142725631254665682354316777216387420489
---end output ---
[INFO] Tests run: 1, Failures: 0, Errors: 0, Skipped: 0, Time elapsed: 8.467 s -- in com.jpmc.midascore.TaskOneTests
[INFO] 
[INFO] Results:
[INFO] 
[INFO] Tests run: 1, Failures: 0, Errors: 0, Skipped: 0
[INFO] 
[INFO] ------------------------------------------------------------------------
[INFO] BUILD SUCCESS
[INFO] ------------------------------------------------------------------------
[INFO] Total time:  11.913 s
[INFO] Finished at: 2025-07-27T00:54:56+05:30
[INFO] ------------------------------------------------------------------------
